
> rest-express@1.0.0 build
> vite build && esbuild server/index.ts --platform=node --packages=external --bundle --format=esm --outdir=dist

vite v5.4.14 building for production...
transforming...
Browserslist: browsers data (caniuse-lite) is 6 months old. Please run:
  npx update-browserslist-db@latest
  Why you should do it regularly: https://github.com/browserslist/update-db#readme
✓ 3516 modules transformed.
rendering chunks...
computing gzip size...
../dist/public/index.html                     2.09 kB │ gzip:   0.87 kB
../dist/public/assets/index-BlHcUN_N.css     66.39 kB │ gzip:  11.50 kB
../dist/public/assets/index-C8z_wRh6.js   1,185.06 kB │ gzip: 321.33 kB

(!) Some chunks are larger than 500 kB after minification. Consider:
- Using dynamic import() to code-split the application
- Use build.rollupOptions.output.manualChunks to improve chunking: https://rollupjs.org/configuration-options/#output-manualchunks
- Adjust chunk size limit for this warning via build.chunkSizeWarningLimit.
✓ built in 13.05s

  dist/index.js  44.4kb

⚡ Done in 8ms
